liqueurplant/osgi/silo/controller/SimpleSiloCtrl$Filling2FullTrans.class
liqueurplant/osgi/silo/controller/state/machine/Message.class
liqueurplant/osgi/silo/controller/SimpleSiloCtrl$Emptying2EmptyTrans.class
liqueurplant/osgi/silo/controller/SimpleSiloCtrl.class
liqueurplant/osgi/silo/controller/SimpleSiloCtrl$Filling.class
liqueurplant/osgi/silo/controller/SimpleSiloCtrl$Empty.class
liqueurplant/osgi/silo/controller/state/machine/MessageQueue.class
liqueurplant/osgi/silo/controller/state/machine/BaseTransition.class
liqueurplant/osgi/silo/controller/state/machine/Transition.class
liqueurplant/osgi/silo/controller/SimpleSiloCtrl$Full2EmptyingTrans.class
liqueurplant/osgi/silo/controller/state/machine/StateMachine.class
liqueurplant/osgi/silo/controller/SimpleSiloCtrl$Empty2FillingTrans.class
liqueurplant/osgi/silo/controller/state/machine/BaseState.class
liqueurplant/osgi/silo/controller/SimpleSiloCtrl$1.class
liqueurplant/osgi/silo/controller/SimpleSiloCtrl$Full.class
liqueurplant/osgi/silo/controller/SimpleSiloCtrl$Emptying.class
liqueurplant/osgi/silo/controller/state/machine/State.class
