C:\Users\bojit\Documents\idea-projects\osgi.ws\OSGiBasedLiqueurPlant\liqueurplant.osgi.silo.controller.api\src\main\java\liqueurplant\osgi\silo\controller\api\SiloCtrlState.java
C:\Users\bojit\Documents\idea-projects\osgi.ws\OSGiBasedLiqueurPlant\liqueurplant.osgi.silo.controller.api\src\main\java\liqueurplant\osgi\silo\controller\api\HeatingCompletedSignal.java
C:\Users\bojit\Documents\idea-projects\osgi.ws\OSGiBasedLiqueurPlant\liqueurplant.osgi.silo.controller.api\src\main\java\liqueurplant\osgi\silo\controller\api\MixingCompletedSignal.java
C:\Users\bojit\Documents\idea-projects\osgi.ws\OSGiBasedLiqueurPlant\liqueurplant.osgi.silo.controller.api\src\main\java\liqueurplant\osgi\silo\controller\api\FillingCompletedSignal.java
C:\Users\bojit\Documents\idea-projects\osgi.ws\OSGiBasedLiqueurPlant\liqueurplant.osgi.silo.controller.api\src\main\java\liqueurplant\osgi\silo\controller\api\SMReception.java
C:\Users\bojit\Documents\idea-projects\osgi.ws\OSGiBasedLiqueurPlant\liqueurplant.osgi.silo.controller.api\src\main\java\liqueurplant\osgi\silo\controller\api\StopFillingSignal.java
C:\Users\bojit\Documents\idea-projects\osgi.ws\OSGiBasedLiqueurPlant\liqueurplant.osgi.silo.controller.api\src\main\java\liqueurplant\osgi\silo\controller\api\FillSignal.java
C:\Users\bojit\Documents\idea-projects\osgi.ws\OSGiBasedLiqueurPlant\liqueurplant.osgi.silo.controller.api\src\main\java\liqueurplant\osgi\silo\controller\api\HeatSignal.java
C:\Users\bojit\Documents\idea-projects\osgi.ws\OSGiBasedLiqueurPlant\liqueurplant.osgi.silo.controller.api\src\main\java\liqueurplant\osgi\silo\controller\api\Ctrl2WrapperEvent.java
C:\Users\bojit\Documents\idea-projects\osgi.ws\OSGiBasedLiqueurPlant\liqueurplant.osgi.silo.controller.api\src\main\java\liqueurplant\osgi\silo\controller\api\SiloCtrlIf.java
C:\Users\bojit\Documents\idea-projects\osgi.ws\OSGiBasedLiqueurPlant\liqueurplant.osgi.silo.controller.api\src\main\java\liqueurplant\osgi\silo\controller\api\MixSignal.java
C:\Users\bojit\Documents\idea-projects\osgi.ws\OSGiBasedLiqueurPlant\liqueurplant.osgi.silo.controller.api\src\main\java\liqueurplant\osgi\silo\controller\api\EmptyingCompletedSignal.java
C:\Users\bojit\Documents\idea-projects\osgi.ws\OSGiBasedLiqueurPlant\liqueurplant.osgi.silo.controller.api\src\main\java\liqueurplant\osgi\silo\controller\api\HighLevelReachedSignal.java
C:\Users\bojit\Documents\idea-projects\osgi.ws\OSGiBasedLiqueurPlant\liqueurplant.osgi.silo.controller.api\src\main\java\liqueurplant\osgi\silo\controller\api\LowLevelReachedSignal.java
C:\Users\bojit\Documents\idea-projects\osgi.ws\OSGiBasedLiqueurPlant\liqueurplant.osgi.silo.controller.api\src\main\java\liqueurplant\osgi\silo\controller\api\package-info.java
C:\Users\bojit\Documents\idea-projects\osgi.ws\OSGiBasedLiqueurPlant\liqueurplant.osgi.silo.controller.api\src\main\java\liqueurplant\osgi\silo\controller\api\EmptySignal.java
C:\Users\bojit\Documents\idea-projects\osgi.ws\OSGiBasedLiqueurPlant\liqueurplant.osgi.silo.controller.api\src\main\java\liqueurplant\osgi\silo\controller\api\BaseSignal.java
C:\Users\bojit\Documents\idea-projects\osgi.ws\OSGiBasedLiqueurPlant\liqueurplant.osgi.silo.controller.api\src\main\java\liqueurplant\osgi\silo\controller\api\StopEmptyingSignal.java
