/home/bochalito/git/OSGiBasedLiqueurPlant/liqueurplant.osgi.silo.controller.api/src/main/java/liqueurplant/osgi/silo/controller/api/HeatingCompletedSignal.java
/home/bochalito/git/OSGiBasedLiqueurPlant/liqueurplant.osgi.silo.controller.api/src/main/java/liqueurplant/osgi/silo/controller/api/EmptySignal.java
/home/bochalito/git/OSGiBasedLiqueurPlant/liqueurplant.osgi.silo.controller.api/src/main/java/liqueurplant/osgi/silo/controller/api/HighLevelReachedSignal.java
/home/bochalito/git/OSGiBasedLiqueurPlant/liqueurplant.osgi.silo.controller.api/src/main/java/liqueurplant/osgi/silo/controller/api/SiloCtrlIf.java
/home/bochalito/git/OSGiBasedLiqueurPlant/liqueurplant.osgi.silo.controller.api/src/main/java/liqueurplant/osgi/silo/controller/api/LowLevelReachedSignal.java
/home/bochalito/git/OSGiBasedLiqueurPlant/liqueurplant.osgi.silo.controller.api/src/main/java/liqueurplant/osgi/silo/controller/api/FillSignal.java
/home/bochalito/git/OSGiBasedLiqueurPlant/liqueurplant.osgi.silo.controller.api/src/main/java/liqueurplant/osgi/silo/controller/api/MixingCompletedSignal.java
/home/bochalito/git/OSGiBasedLiqueurPlant/liqueurplant.osgi.silo.controller.api/src/main/java/liqueurplant/osgi/silo/controller/api/HeatSignal.java
/home/bochalito/git/OSGiBasedLiqueurPlant/liqueurplant.osgi.silo.controller.api/src/main/java/liqueurplant/osgi/silo/controller/api/SMReception.java
/home/bochalito/git/OSGiBasedLiqueurPlant/liqueurplant.osgi.silo.controller.api/src/main/java/liqueurplant/osgi/silo/controller/api/EmptyingCompletedSignal.java
/home/bochalito/git/OSGiBasedLiqueurPlant/liqueurplant.osgi.silo.controller.api/src/main/java/liqueurplant/osgi/silo/controller/api/FillingCompletedSignal.java
/home/bochalito/git/OSGiBasedLiqueurPlant/liqueurplant.osgi.silo.controller.api/src/main/java/liqueurplant/osgi/silo/controller/api/SiloCtrlState.java
/home/bochalito/git/OSGiBasedLiqueurPlant/liqueurplant.osgi.silo.controller.api/src/main/java/liqueurplant/osgi/silo/controller/api/MixSignal.java
/home/bochalito/git/OSGiBasedLiqueurPlant/liqueurplant.osgi.silo.controller.api/src/main/java/liqueurplant/osgi/silo/controller/api/StopEmptyingSignal.java
/home/bochalito/git/OSGiBasedLiqueurPlant/liqueurplant.osgi.silo.controller.api/src/main/java/liqueurplant/osgi/silo/controller/api/Ctrl2WrapperEvent.java
/home/bochalito/git/OSGiBasedLiqueurPlant/liqueurplant.osgi.silo.controller.api/src/main/java/liqueurplant/osgi/silo/controller/api/BaseSignal.java
/home/bochalito/git/OSGiBasedLiqueurPlant/liqueurplant.osgi.silo.controller.api/src/main/java/liqueurplant/osgi/silo/controller/api/package-info.java
/home/bochalito/git/OSGiBasedLiqueurPlant/liqueurplant.osgi.silo.controller.api/src/main/java/liqueurplant/osgi/silo/controller/api/StopFillingSignal.java
